==> Running carriers_import_admin_link_v1.sh at 2025-11-21_22-28-57
ROOT_DIR: /home/user/sms-procurement-platform
LOG_FILE: /home/user/sms-procurement-platform/logs/carriers_import_admin_2025-11-21_22-28-57.log
BACKUP_DIR: /home/user/sms-procurement-platform/.backups/carriers_import_admin_2025-11-21_22-28-57
==> Wrote AdminMiddleware
==> Backed up /home/user/sms-procurement-platform/app/Http/Kernel.php -> /home/user/sms-procurement-platform/.backups/carriers_import_admin_2025-11-21_22-28-57/app_Http_Kernel.php
==> Injected 'admin' routeMiddleware alias into Kernel
==> Backed up /home/user/sms-procurement-platform/app/Http/Controllers/CarriersImportController.php -> /home/user/sms-procurement-platform/.backups/carriers_import_admin_2025-11-21_22-28-57/app_Http_Controllers_CarriersImportController.php
==> Added __construct() with auth+admin middleware to CarriersImportController
==> Backed up /home/user/sms-procurement-platform/resources/views/layouts/navigation.blade.php -> /home/user/sms-procurement-platform/.backups/carriers_import_admin_2025-11-21_22-28-57/resources_views_layouts_navigation.blade.php
==> Navigation already contains 'Carriers Import' label; skipping injection
==> [artisan via docker compose exec app] optimize:clear

   INFO  Clearing cached bootstrap files.  

  config ......................................................... 1.27ms DONE
  cache .......................................................... 3.51ms DONE
  compiled ....................................................... 0.69ms DONE
  events ......................................................... 0.53ms DONE
  routes ......................................................... 0.61ms DONE
  views .......................................................... 6.71ms DONE

==> [artisan via docker compose exec app] view:cache


   INFO  Blade templates cached successfully.  

==> Preparing git commit + tag + push
[main b49ce55] chore(import): admin-only Carriers Import + menu link
 2 files changed, 28 insertions(+), 1 deletion(-)
 create mode 100644 app/Http/Middleware/AdminMiddleware.php
==> Created tag: carriers-import-admin-2025-11-21_22-28-57
To https://github.com/nikomaxos/sms-procurement-platform.git
   ad71008..b49ce55  main -> main
To https://github.com/nikomaxos/sms-procurement-platform.git
 * [new tag]         carriers-import-admin-2025-11-21_22-28-57 -> carriers-import-admin-2025-11-21_22-28-57
==> Script completed successfully.
Log file: /home/user/sms-procurement-platform/logs/carriers_import_admin_2025-11-21_22-28-57.log
Backups stored under: /home/user/sms-procurement-platform/.backups/carriers_import_admin_2025-11-21_22-28-57
