==> Running feature_pack_networks_countries_v1 at 2025-11-21_13-08-13
ROOT_DIR: /home/user/sms-procurement-platform
LOG_FILE: /home/user/sms-procurement-platform/logs/feature_pack_networks_countries_v1_2025-11-21_13-08-13.log
==> Detected docker-compose; using app container for artisan/php
==> Ensuring migrations for network_meta and country_meta tables
==> Creating migration /home/user/sms-procurement-platform/database/migrations/2025_11_21_000101_create_network_meta_table.php
==> Creating migration /home/user/sms-procurement-platform/database/migrations/2025_11_21_000102_create_country_meta_table.php
==> Patching networks index view: /home/user/sms-procurement-platform/resources/views/networks/index.blade.php
==> Backed up /home/user/sms-procurement-platform/resources/views/networks/index.blade.php -> /home/user/sms-procurement-platform/.backups/feature_pack_networks_countries_v1_2025-11-21_13-08-13/_home_user_sms-procurement-platform_resources_views_networks_index.blade.php
==> Patching countries index view: /home/user/sms-procurement-platform/resources/views/countries/index.blade.php
==> Backed up /home/user/sms-procurement-platform/resources/views/countries/index.blade.php -> /home/user/sms-procurement-platform/.backups/feature_pack_networks_countries_v1_2025-11-21_13-08-13/_home_user_sms-procurement-platform_resources_views_countries_index.blade.php
==> Trying to add 'Carriers Import' link to Settings menu
==> Patching navigation file: /home/user/sms-procurement-platform/resources/views/layouts/navigation.blade.php
==> Backed up /home/user/sms-procurement-platform/resources/views/layouts/navigation.blade.php -> /home/user/sms-procurement-platform/.backups/feature_pack_networks_countries_v1_2025-11-21_13-08-13/_home_user_sms-procurement-platform_resources_views_layouts_navigation.blade.php
==> Creating MCCMNC normalizer helper at /home/user/sms-procurement-platform/app/Support/MccMncNormalizer.php
==> Patching NetworkMnc model to use MccMncNormalizer
==> Backed up /home/user/sms-procurement-platform/app/Models/NetworkMnc.php -> /home/user/sms-procurement-platform/.backups/feature_pack_networks_countries_v1_2025-11-21_13-08-13/_home_user_sms-procurement-platform_app_Models_NetworkMnc.php
==> Running migrations (php artisan migrate --force)

   INFO  Running migrations.  

  2025_11_21_000101_create_network_meta_table ................... 35.46ms DONE
  2025_11_21_000102_create_country_meta_table ................... 17.59ms DONE

==> Clearing & rebuilding caches

   INFO  Clearing cached bootstrap files.  

  config ......................................................... 4.62ms DONE
  cache .......................................................... 4.82ms DONE
  compiled ....................................................... 0.71ms DONE
  events ......................................................... 0.77ms DONE
  routes ......................................................... 0.69ms DONE
  views .......................................................... 7.24ms DONE


   INFO  Configuration cached successfully.  


   INFO  Routes cached successfully.  



   INFO  Blade templates cached successfully.  

==> Running quick smoke tests
DB smoke OK: networks, countries, network_meta, country_meta accessible.
==> Smoke tests passed.
==> Preparing git commit + tag + push
==> Committing with message: Feature pack: networks & countries meta + UI + ITU normalizer
[main ad71008] Feature pack: networks & countries meta + UI + ITU normalizer
 7 files changed, 749 insertions(+), 172 deletions(-)
 create mode 100644 app/Support/MccMncNormalizer.php
 create mode 100644 database/migrations/2025_11_21_000101_create_network_meta_table.php
 create mode 100644 database/migrations/2025_11_21_000102_create_country_meta_table.php
==> Tagging current commit as: core-ui-v1
==> Pushing branch 'main' to origin
To https://github.com/nikomaxos/sms-procurement-platform.git
   6b61493..ad71008  main -> main
==> Pushing tag 'core-ui-v1' to origin
To https://github.com/nikomaxos/sms-procurement-platform.git
 * [new tag]         core-ui-v1 -> core-ui-v1
==> Feature pack script completed successfully.
Log file: /home/user/sms-procurement-platform/logs/feature_pack_networks_countries_v1_2025-11-21_13-08-13.log
Backups stored under: /home/user/sms-procurement-platform/.backups/feature_pack_networks_countries_v1_2025-11-21_13-08-13
