==> Running fix_carriers_import_is_admin_v1.sh at 2025-11-21_23-27-56
ROOT_DIR: /home/user/sms-procurement-platform
LOG_FILE: /home/user/sms-procurement-platform/logs/fix_carriers_import_is_admin_2025-11-21_23-27-56.log
BACKUP_DIR: /home/user/sms-procurement-platform/.backups/fix_carriers_import_is_admin_2025-11-21_23-27-56
==> Using artisan via docker compose (service: app)
==> Patching navigation file: /home/user/sms-procurement-platform/resources/views/layouts/navigation.blade.php
==> Backed up /home/user/sms-procurement-platform/resources/views/layouts/navigation.blade.php -> /home/user/sms-procurement-platform/.backups/fix_carriers_import_is_admin_2025-11-21_23-27-56/resources_views_layouts_navigation.blade.php
   - navigation.blade.php now checks auth()->user()->is_admin
==> Patching carriers import view: /home/user/sms-procurement-platform/resources/views/carriers/import.blade.php
==> Backed up /home/user/sms-procurement-platform/resources/views/carriers/import.blade.php -> /home/user/sms-procurement-platform/.backups/fix_carriers_import_is_admin_2025-11-21_23-27-56/resources_views_carriers_import.blade.php
   - carriers/import view now also uses is_admin.
==> Clearing & rebuilding caches (optimize:clear, view:cache)

   INFO  Clearing cached bootstrap files.  

  config ......................................................... 1.13ms DONE
  cache .......................................................... 3.09ms DONE
  compiled ....................................................... 0.98ms DONE
  events ......................................................... 0.56ms DONE
  routes ......................................................... 0.57ms DONE
  views .......................................................... 6.99ms DONE



   INFO  Blade templates cached successfully.  

==> fix_carriers_import_is_admin_v1.sh completed successfully.
Log file: /home/user/sms-procurement-platform/logs/fix_carriers_import_is_admin_2025-11-21_23-27-56.log
Backups stored under: /home/user/sms-procurement-platform/.backups/fix_carriers_import_is_admin_2025-11-21_23-27-56
