==> Running mccmnc_trim_zero_touch_mnc_v2.sh at 2025-11-21_19-59-39
ROOT_DIR: /home/user/sms-procurement-platform
LOG_FILE: /home/user/sms-procurement-platform/logs/mccmnc_trim_zero_touch_mnc_v2_2025-11-21_19-59-39.log
BACKUP_DIR: /home/user/sms-procurement-platform/.backups/mccmnc_trim_zero_touch_mnc_v2_2025-11-21_19-59-39
==> Backed up /home/user/sms-procurement-platform/app/Models/NetworkMnc.php -> /home/user/sms-procurement-platform/.backups/mccmnc_trim_zero_touch_mnc_v2_2025-11-21_19-59-39/app_Models_NetworkMnc.php
==> Rewriting App\Models\NetworkMnc so mnc is trimmed according to normalized MCCMNC
==> NetworkMnc updated.
==> Clearing & rebuilding caches (best-effort)...
   - Using docker compose exec app

   INFO  Clearing cached bootstrap files.  

  config ......................................................... 1.21ms DONE
  cache .......................................................... 4.00ms DONE
  compiled ....................................................... 0.89ms DONE
  events ......................................................... 0.59ms DONE
  routes ......................................................... 0.55ms DONE
  views .......................................................... 6.68ms DONE



   INFO  Blade templates cached successfully.  

==> mccmnc_trim_zero_touch_mnc_v2.sh completed successfully.
Log file: /home/user/sms-procurement-platform/logs/mccmnc_trim_zero_touch_mnc_v2_2025-11-21_19-59-39.log
Backups stored under: /home/user/sms-procurement-platform/.backups/mccmnc_trim_zero_touch_mnc_v2_2025-11-21_19-59-39
