==> Running mnc_full_pipeline_v1.sh at 2025-11-21_20-29-46
ROOT_DIR: /home/user/sms-procurement-platform
LOG_FILE: /home/user/sms-procurement-platform/logs/mnc_full_pipeline_v1_2025-11-21_20-29-46.log
BACKUP_DIR: /home/user/sms-procurement-platform/.backups/mnc_full_pipeline_v1_2025-11-21_20-29-46
==> Backed up /home/user/sms-procurement-platform/app/Support/MccMncNormalizer.php -> /home/user/sms-procurement-platform/.backups/mnc_full_pipeline_v1_2025-11-21_20-29-46/app_Support_MccMncNormalizer.php
==> Backed up /home/user/sms-procurement-platform/app/Models/NetworkMnc.php -> /home/user/sms-procurement-platform/.backups/mnc_full_pipeline_v1_2025-11-21_20-29-46/app_Models_NetworkMnc.php
==> Backed up /home/user/sms-procurement-platform/resources/views/networks/index.blade.php -> /home/user/sms-procurement-platform/.backups/mnc_full_pipeline_v1_2025-11-21_20-29-46/resources_views_networks_index.blade.php
==> Writing App\Support\MccMncNormalizer (4th-digit 0 trimming rule)
==> Rewriting App\Models\NetworkMnc to normalize mcc, mnc, mcc_mnc on save
==> Rewriting networks index view (MNC chips + filters + sort)
==> Reusing existing migration file: /home/user/sms-procurement-platform/database/migrations/2025_11_21_200937_add_network_mncs_normalizer_trigger.php
==> Backed up /home/user/sms-procurement-platform/database/migrations/2025_11_21_200937_add_network_mncs_normalizer_trigger.php -> /home/user/sms-procurement-platform/.backups/mnc_full_pipeline_v1_2025-11-21_20-29-46/database_migrations_2025_11_21_200937_add_network_mncs_normalizer_trigger.php
==> Migration file ready: /home/user/sms-procurement-platform/database/migrations/2025_11_21_200937_add_network_mncs_normalizer_trigger.php
==> Running php artisan migrate --force
   - docker compose exec -T app php artisan migrate --force

   INFO  Nothing to migrate.  

==> Clearing & rebuilding caches (optimize:clear, view:cache)
   - docker compose exec -T app php artisan optimize:clear

   INFO  Clearing cached bootstrap files.  

  config ......................................................... 1.18ms DONE
  cache .......................................................... 3.92ms DONE
  compiled ....................................................... 0.96ms DONE
  events ......................................................... 0.86ms DONE
  routes ......................................................... 0.80ms DONE
  views .......................................................... 7.08ms DONE

   - docker compose exec -T app php artisan view:cache


   INFO  Blade templates cached successfully.  

==> mnc_full_pipeline_v1.sh completed successfully.
Log file: /home/user/sms-procurement-platform/logs/mnc_full_pipeline_v1_2025-11-21_20-29-46.log
Backups stored under: /home/user/sms-procurement-platform/.backups/mnc_full_pipeline_v1_2025-11-21_20-29-46
