==> Running network_mnc_error_ui_v1.sh at 2025-11-21_19-00-16
ROOT_DIR: /home/user/sms-procurement-platform
LOG_FILE: /home/user/sms-procurement-platform/logs/network_mnc_error_ui_v1_2025-11-21_19-00-16.log
BACKUP_DIR: /home/user/sms-procurement-platform/.backups/network_mnc_error_ui_v1_2025-11-21_19-00-16
==> Backed up /home/user/sms-procurement-platform/resources/views/networks/edit.blade.php -> /home/user/sms-procurement-platform/.backups/network_mnc_error_ui_v1_2025-11-21_19-00-16/resources_views_networks_edit.blade.php
==> Rewriting networks/edit.blade.php to show MNC validation errors
==> networks/edit.blade.php updated.
==> Clearing & rebuilding caches (best-effort)...
   - Using docker compose exec app

   INFO  Clearing cached bootstrap files.  

  config ......................................................... 1.28ms DONE
  cache .......................................................... 3.24ms DONE
  compiled ....................................................... 0.88ms DONE
  events ......................................................... 0.78ms DONE
  routes ......................................................... 0.57ms DONE
  views .......................................................... 6.76ms DONE



   INFO  Blade templates cached successfully.  

==> network_mnc_error_ui_v1.sh completed successfully.
Log file: /home/user/sms-procurement-platform/logs/network_mnc_error_ui_v1_2025-11-21_19-00-16.log
Backups stored under: /home/user/sms-procurement-platform/.backups/network_mnc_error_ui_v1_2025-11-21_19-00-16
