==> Running network_mnc_crud_v1.sh at 2025-11-21_18-23-16
ROOT_DIR: /home/user/sms-procurement-platform
LOG_FILE: /home/user/sms-procurement-platform/logs/network_mnc_crud_v1_2025-11-21_18-23-16.log
BACKUP_DIR: /home/user/sms-procurement-platform/.backups/network_mnc_crud_v1_2025-11-21_18-23-16
==> Backed up /home/user/sms-procurement-platform/app/Http/Controllers/NetworksController.php -> /home/user/sms-procurement-platform/.backups/network_mnc_crud_v1_2025-11-21_18-23-16/app_Http_Controllers_NetworksController.php
==> Backed up /home/user/sms-procurement-platform/resources/views/networks/edit.blade.php -> /home/user/sms-procurement-platform/.backups/network_mnc_crud_v1_2025-11-21_18-23-16/resources_views_networks_edit.blade.php
==> Rewriting NetworksController with MNC add/remove support
==> NetworksController rewritten.
==> Rewriting networks edit view with editable MCC/MNC table
==> networks/edit.blade.php rewritten with editable MNC rows.
==> Clearing & rebuilding view cache (best-effort)...
   - Using docker compose exec app

   INFO  Clearing cached bootstrap files.  

  config ......................................................... 1.25ms DONE
  cache .......................................................... 3.17ms DONE
  compiled ....................................................... 0.82ms DONE
  events ......................................................... 0.53ms DONE
  routes ......................................................... 0.56ms DONE
  views .......................................................... 6.55ms DONE



   INFO  Blade templates cached successfully.  

==> network_mnc_crud_v1.sh completed successfully.
Log file: /home/user/sms-procurement-platform/logs/network_mnc_crud_v1_2025-11-21_18-23-16.log
Backups stored under: /home/user/sms-procurement-platform/.backups/network_mnc_crud_v1_2025-11-21_18-23-16
