==> Running network_mnc_readonly_mcc_v1.sh at 2025-11-21_18-45-57
ROOT_DIR: /home/user/sms-procurement-platform
LOG_FILE: /home/user/sms-procurement-platform/logs/network_mnc_readonly_mcc_v1_2025-11-21_18-45-57.log
BACKUP_DIR: /home/user/sms-procurement-platform/.backups/network_mnc_readonly_mcc_v1_2025-11-21_18-45-57
==> Backed up /home/user/sms-procurement-platform/app/Http/Controllers/NetworksController.php -> /home/user/sms-procurement-platform/.backups/network_mnc_readonly_mcc_v1_2025-11-21_18-45-57/app_Http_Controllers_NetworksController.php
==> Backed up /home/user/sms-procurement-platform/resources/views/networks/edit.blade.php -> /home/user/sms-procurement-platform/.backups/network_mnc_readonly_mcc_v1_2025-11-21_18-45-57/resources_views_networks_edit.blade.php
==> Rewriting NetworksController (edit: load country.mccs)
==> NetworksController updated.
==> Rewriting networks edit view with MCC readonly + default from country.mccs
==> networks/edit.blade.php updated.
==> Clearing & rebuilding caches (best-effort)...
   - Using docker compose exec app

   INFO  Clearing cached bootstrap files.  

  config ......................................................... 1.21ms DONE
  cache .......................................................... 3.14ms DONE
  compiled ....................................................... 1.09ms DONE
  events ......................................................... 0.66ms DONE
  routes ......................................................... 0.63ms DONE
  views .......................................................... 6.64ms DONE



   INFO  Blade templates cached successfully.  

==> network_mnc_readonly_mcc_v1.sh completed successfully.
Log file: /home/user/sms-procurement-platform/logs/network_mnc_readonly_mcc_v1_2025-11-21_18-45-57.log
Backups stored under: /home/user/sms-procurement-platform/.backups/network_mnc_readonly_mcc_v1_2025-11-21_18-45-57
