==> Running network_mncs_db_normalizer_v1.sh at 2025-11-21_20-09-37
ROOT_DIR: /home/user/sms-procurement-platform
LOG_FILE: /home/user/sms-procurement-platform/logs/network_mncs_db_normalizer_v1_2025-11-21_20-09-37.log
BACKUP_DIR: /home/user/sms-procurement-platform/.backups/network_mncs_db_normalizer_v1_2025-11-21_20-09-37
==> Creating new migration file: /home/user/sms-procurement-platform/database/migrations/2025_11_21_200937_add_network_mncs_normalizer_trigger.php
==> Will treat /home/user/sms-procurement-platform/database/migrations/2025_11_21_200937_add_network_mncs_normalizer_trigger.php as NEW (remove on rollback)
==> Migration file written: /home/user/sms-procurement-platform/database/migrations/2025_11_21_200937_add_network_mncs_normalizer_trigger.php
==> Running php artisan migrate --force
   - Using docker compose exec app

   INFO  Running migrations.  

  2025_11_21_200937_add_network_mncs_normalizer_trigger ........ 101.21ms DONE

==> Clearing & rebuilding caches (best-effort)...
   - Using docker compose exec app for optimize:clear & view:cache

   INFO  Clearing cached bootstrap files.  

  config ......................................................... 1.40ms DONE
  cache .......................................................... 4.40ms DONE
  compiled ....................................................... 0.96ms DONE
  events ......................................................... 0.63ms DONE
  routes ......................................................... 0.51ms DONE
  views .......................................................... 7.67ms DONE



   INFO  Blade templates cached successfully.  

==> network_mncs_db_normalizer_v1.sh completed successfully.
Log file: /home/user/sms-procurement-platform/logs/network_mncs_db_normalizer_v1_2025-11-21_20-09-37.log
Backups stored under: /home/user/sms-procurement-platform/.backups/network_mncs_db_normalizer_v1_2025-11-21_20-09-37
