==> Running settings_menu_expand_v1.sh at 2025-11-22_00-16-43
ROOT_DIR: /home/user/sms-procurement-platform
LOG_FILE: /home/user/sms-procurement-platform/logs/settings_menu_expand_2025-11-22_00-16-43.log
BACKUP_DIR: /home/user/sms-procurement-platform/.backups/settings_menu_expand_2025-11-22_00-16-43
==> Patching navigation Blade: /home/user/sms-procurement-platform/resources/views/layouts/navigation.blade.php
==> Backed up /home/user/sms-procurement-platform/resources/views/layouts/navigation.blade.php -> /home/user/sms-procurement-platform/.backups/settings_menu_expand_2025-11-22_00-16-43/resources_views_layouts_navigation.blade.php
==> navigation.blade.php rewritten with Settings dropdown
==> Clearing & caching views (docker compose exec app)...

   INFO  Compiled views cleared successfully.  

   - view:clear OK


   INFO  Blade templates cached successfully.  

   - view:cache OK
==> Committing and tagging changes...
[main e1616f4] nav: add Settings dropdown (admin-only) with Carriers Import
 1 file changed, 93 insertions(+), 24 deletions(-)
To https://github.com/nikomaxos/sms-procurement-platform.git
   b49ce55..e1616f4  HEAD -> main
To https://github.com/nikomaxos/sms-procurement-platform.git
 * [new tag]         nav-settings-2025-11-22_00-16-43 -> nav-settings-2025-11-22_00-16-43
   - Git commit + tag 'nav-settings-2025-11-22_00-16-43' pushed.
==> settings_menu_expand_v1.sh completed successfully.
Log file: /home/user/sms-procurement-platform/logs/settings_menu_expand_2025-11-22_00-16-43.log
Backups stored under: /home/user/sms-procurement-platform/.backups/settings_menu_expand_2025-11-22_00-16-43
