==> Step1h: hard-restore CarrierImportService + safe upserts, then re-run import
==> Lint & warm caches
No syntax errors detected in app/Services/CarrierImportService.php

   INFO  Clearing cached bootstrap files.  

  config ......................................................... 1.21ms DONE
  cache .......................................................... 3.25ms DONE
  compiled ....................................................... 0.89ms DONE
  events ......................................................... 0.62ms DONE
  routes ......................................................... 0.56ms DONE
  views .......................................................... 4.15ms DONE

Generating optimized autoload files
> Illuminate\Foundation\ComposerScripts::postAutoloadDump
> @php artisan package:discover --ansi

  [37;44m INFO [39;49m Discovering packages.  

  laravel/breeze [90m.[39m[90m.[39m[90m.[39m[90m.[39m[90m.[39m[90m.[39m[90m.[39m[90m.[39m[90m.[39m[90m.[39m[90m.[39m[90m.[39m[90m.[39m[90m.[39m[90m.[39m[90m.[39m[90m.[39m[90m.[39m[90m.[39m[90m.[39m[90m.[39m[90m.[39m[90m.[39m[90m.[39m[90m.[39m[90m.[39m[90m.[39m[90m.[39m[90m.[39m[90m.[39m[90m.[39m[90m.[39m[90m.[39m[90m.[39m[90m.[39m[90m.[39m[90m.[39m[90m.[39m[90m.[39m[90m.[39m[90m.[39m[90m.[39m[90m.[39m[90m.[39m[90m.[39m[90m.[39m[90m.[39m[90m.[39m[90m.[39m[90m.[39m[90m.[39m[90m.[39m[90m.[39m[90m.[39m[90m.[39m[90m.[39m [32;1mDONE[39;22m
  laravel/pail [90m.[39m[90m.[39m[90m.[39m[90m.[39m[90m.[39m[90m.[39m[90m.[39m[90m.[39m[90m.[39m[90m.[39m[90m.[39m[90m.[39m[90m.[39m[90m.[39m[90m.[39m[90m.[39m[90m.[39m[90m.[39m[90m.[39m[90m.[39m[90m.[39m[90m.[39m[90m.[39m[90m.[39m[90m.[39m[90m.[39m[90m.[39m[90m.[39m[90m.[39m[90m.[39m[90m.[39m[90m.[39m[90m.[39m[90m.[39m[90m.[39m[90m.[39m[90m.[39m[90m.[39m[90m.[39m[90m.[39m[90m.[39m[90m.[39m[90m.[39m[90m.[39m[90m.[39m[90m.[39m[90m.[39m[90m.[39m[90m.[39m[90m.[39m[90m.[39m[90m.[39m[90m.[39m[90m.[39m[90m.[39m[90m.[39m[90m.[39m[90m.[39m [32;1mDONE[39;22m
  laravel/sail [90m.[39m[90m.[39m[90m.[39m[90m.[39m[90m.[39m[90m.[39m[90m.[39m[90m.[39m[90m.[39m[90m.[39m[90m.[39m[90m.[39m[90m.[39m[90m.[39m[90m.[39m[90m.[39m[90m.[39m[90m.[39m[90m.[39m[90m.[39m[90m.[39m[90m.[39m[90m.[39m[90m.[39m[90m.[39m[90m.[39m[90m.[39m[90m.[39m[90m.[39m[90m.[39m[90m.[39m[90m.[39m[90m.[39m[90m.[39m[90m.[39m[90m.[39m[90m.[39m[90m.[39m[90m.[39m[90m.[39m[90m.[39m[90m.[39m[90m.[39m[90m.[39m[90m.[39m[90m.[39m[90m.[39m[90m.[39m[90m.[39m[90m.[39m[90m.[39m[90m.[39m[90m.[39m[90m.[39m[90m.[39m[90m.[39m[90m.[39m[90m.[39m [32;1mDONE[39;22m
  laravel/tinker [90m.[39m[90m.[39m[90m.[39m[90m.[39m[90m.[39m[90m.[39m[90m.[39m[90m.[39m[90m.[39m[90m.[39m[90m.[39m[90m.[39m[90m.[39m[90m.[39m[90m.[39m[90m.[39m[90m.[39m[90m.[39m[90m.[39m[90m.[39m[90m.[39m[90m.[39m[90m.[39m[90m.[39m[90m.[39m[90m.[39m[90m.[39m[90m.[39m[90m.[39m[90m.[39m[90m.[39m[90m.[39m[90m.[39m[90m.[39m[90m.[39m[90m.[39m[90m.[39m[90m.[39m[90m.[39m[90m.[39m[90m.[39m[90m.[39m[90m.[39m[90m.[39m[90m.[39m[90m.[39m[90m.[39m[90m.[39m[90m.[39m[90m.[39m[90m.[39m[90m.[39m[90m.[39m[90m.[39m[90m.[39m[90m.[39m [32;1mDONE[39;22m
  maatwebsite/excel [90m.[39m[90m.[39m[90m.[39m[90m.[39m[90m.[39m[90m.[39m[90m.[39m[90m.[39m[90m.[39m[90m.[39m[90m.[39m[90m.[39m[90m.[39m[90m.[39m[90m.[39m[90m.[39m[90m.[39m[90m.[39m[90m.[39m[90m.[39m[90m.[39m[90m.[39m[90m.[39m[90m.[39m[90m.[39m[90m.[39m[90m.[39m[90m.[39m[90m.[39m[90m.[39m[90m.[39m[90m.[39m[90m.[39m[90m.[39m[90m.[39m[90m.[39m[90m.[39m[90m.[39m[90m.[39m[90m.[39m[90m.[39m[90m.[39m[90m.[39m[90m.[39m[90m.[39m[90m.[39m[90m.[39m[90m.[39m[90m.[39m[90m.[39m[90m.[39m[90m.[39m[90m.[39m [32;1mDONE[39;22m
  nesbot/carbon [90m.[39m[90m.[39m[90m.[39m[90m.[39m[90m.[39m[90m.[39m[90m.[39m[90m.[39m[90m.[39m[90m.[39m[90m.[39m[90m.[39m[90m.[39m[90m.[39m[90m.[39m[90m.[39m[90m.[39m[90m.[39m[90m.[39m[90m.[39m[90m.[39m[90m.[39m[90m.[39m[90m.[39m[90m.[39m[90m.[39m[90m.[39m[90m.[39m[90m.[39m[90m.[39m[90m.[39m[90m.[39m[90m.[39m[90m.[39m[90m.[39m[90m.[39m[90m.[39m[90m.[39m[90m.[39m[90m.[39m[90m.[39m[90m.[39m[90m.[39m[90m.[39m[90m.[39m[90m.[39m[90m.[39m[90m.[39m[90m.[39m[90m.[39m[90m.[39m[90m.[39m[90m.[39m[90m.[39m[90m.[39m[90m.[39m[90m.[39m [32;1mDONE[39;22m
  nunomaduro/collision [90m.[39m[90m.[39m[90m.[39m[90m.[39m[90m.[39m[90m.[39m[90m.[39m[90m.[39m[90m.[39m[90m.[39m[90m.[39m[90m.[39m[90m.[39m[90m.[39m[90m.[39m[90m.[39m[90m.[39m[90m.[39m[90m.[39m[90m.[39m[90m.[39m[90m.[39m[90m.[39m[90m.[39m[90m.[39m[90m.[39m[90m.[39m[90m.[39m[90m.[39m[90m.[39m[90m.[39m[90m.[39m[90m.[39m[90m.[39m[90m.[39m[90m.[39m[90m.[39m[90m.[39m[90m.[39m[90m.[39m[90m.[39m[90m.[39m[90m.[39m[90m.[39m[90m.[39m[90m.[39m[90m.[39m[90m.[39m[90m.[39m[90m.[39m [32;1mDONE[39;22m
  nunomaduro/termwind [90m.[39m[90m.[39m[90m.[39m[90m.[39m[90m.[39m[90m.[39m[90m.[39m[90m.[39m[90m.[39m[90m.[39m[90m.[39m[90m.[39m[90m.[39m[90m.[39m[90m.[39m[90m.[39m[90m.[39m[90m.[39m[90m.[39m[90m.[39m[90m.[39m[90m.[39m[90m.[39m[90m.[39m[90m.[39m[90m.[39m[90m.[39m[90m.[39m[90m.[39m[90m.[39m[90m.[39m[90m.[39m[90m.[39m[90m.[39m[90m.[39m[90m.[39m[90m.[39m[90m.[39m[90m.[39m[90m.[39m[90m.[39m[90m.[39m[90m.[39m[90m.[39m[90m.[39m[90m.[39m[90m.[39m[90m.[39m[90m.[39m[90m.[39m[90m.[39m [32;1mDONE[39;22m

Generated optimized autoload files containing 7329 classes
==> BEFORE counts
{
    "countries": 231,
    "country_mccs": 0,
    "networks": 1510,
    "network_mncs": 0
}
==> Run importer (fresh)
{
    "ok": true,
    "msg": "Import finished",
    "createdCountries": 0,
    "createdNetworks": 398,
    "createdMncs": 2092
}
==> AFTER counts
{
    "countries": 231,
    "country_mccs": 230,
    "networks": 1908,
    "network_mncs": 2092
}
==> Samples
{
    "country_mccs": [
        {
            "id": 80,
            "country_id": 81,
            "mcc": "202",
            "created_at": "2025-11-14 19:02:11",
            "updated_at": "2025-11-14 19:02:11"
        },
        {
            "id": 146,
            "country_id": 146,
            "mcc": "204",
            "created_at": "2025-11-14 19:02:11",
            "updated_at": "2025-11-14 19:02:11"
        },
        {
            "id": 21,
            "country_id": 21,
            "mcc": "206",
            "created_at": "2025-11-14 19:02:11",
            "updated_at": "2025-11-14 19:02:11"
        },
        {
            "id": 71,
            "country_id": 72,
            "mcc": "208",
            "created_at": "2025-11-14 19:02:11",
            "updated_at": "2025-11-14 19:02:11"
        },
        {
            "id": 137,
            "country_id": 137,
            "mcc": "212",
            "created_at": "2025-11-14 19:02:11",
            "updated_at": "2025-11-14 19:02:11"
        }
    ],
    "network_mncs": [
        {
            "id": 611,
            "network_id": 612,
            "mcc": "202",
            "mnc": "1",
            "mcc_mnc": "202001",
            "marked_for_deletion": false,
            "created_by_user_id": null,
            "updated_by_user_id": null,
            "created_by_source": null,
            "updated_by_source": null,
            "created_at": "2025-11-14 19:02:08",
            "updated_at": "2025-11-14 19:02:08",
            "created_by_user": null,
            "updated_by_user": null
        },
        {
            "id": 617,
            "network_id": 619,
            "mcc": "202",
            "mnc": "10",
            "mcc_mnc": "202010",
            "marked_for_deletion": false,
            "created_by_user_id": null,
            "updated_by_user_id": null,
            "created_by_source": null,
            "updated_by_source": null,
            "created_at": "2025-11-14 19:02:08",
            "updated_at": "2025-11-14 19:02:08",
            "created_by_user": null,
            "updated_by_user": null
        },
        {
            "id": 620,
            "network_id": 622,
            "mcc": "202",
            "mnc": "12",
            "mcc_mnc": "202012",
            "marked_for_deletion": false,
            "created_by_user_id": null,
            "updated_by_user_id": null,
            "created_by_source": null,
            "updated_by_source": null,
            "created_at": "2025-11-14 19:02:08",
            "updated_at": "2025-11-14 19:02:08",
            "created_by_user": null,
            "updated_by_user": null
        },
        {
            "id": 612,
            "network_id": 614,
            "mcc": "202",
            "mnc": "14",
            "mcc_mnc": "202014",
            "marked_for_deletion": false,
            "created_by_user_id": null,
            "updated_by_user_id": null,
            "created_by_source": null,
            "updated_by_source": null,
            "created_at": "2025-11-14 19:02:08",
            "updated_at": "2025-11-14 19:02:08",
            "created_by_user": null,
            "updated_by_user": null
        },
        {
            "id": 609,
            "network_id": 611,
            "mcc": "202",
            "mnc": "15",
            "mcc_mnc": "202015",
            "marked_for_deletion": false,
            "created_by_user_id": null,
            "updated_by_user_id": null,
            "created_by_source": null,
            "updated_by_source": null,
            "created_at": "2025-11-14 19:02:08",
            "updated_at": "2025-11-14 19:02:08",
            "created_by_user": null,
            "updated_by_user": null
        }
    ]
}
==> Done. Log: logs/step1h_2025-11-14_21-02-02.log
