==> Step1e_v2: retry importer + robust BEFORE/AFTER diagnostics (no fragile quoting)
No syntax errors detected in app/Services/CarrierImportService.php
==> Possible duplicates BEFORE (top 15)
==> Row counts BEFORE
==> Run importer (fresh)

   Illuminate\Database\UniqueConstraintViolationException 

  SQLSTATE[23505]: Unique violation: 7 ERROR:  duplicate key value violates unique constraint "nx_network_mncs_mcc_mnc"
DETAIL:  Key (mcc, mnc)=(722, 299) already exists. (Connection: pgsql, SQL: insert into "network_mncs" ("network_id", "mcc", "mnc", "mcc_mnc", "created_at", "updated_at") values (2136, 722, 299, 722299, 2025-11-14 14:37:54, 2025-11-14 14:37:54))

  at vendor/laravel/framework/src/Illuminate/Database/Connection.php:819
    815▕         // message to include the bindings with SQL, which will make this exception a
    816▕         // lot more helpful to the developer instead of just the database's errors.
    817▕         catch (Exception $e) {
    818▕             if ($this->isUniqueConstraintError($e)) {
  ➜ 819▕                 throw new UniqueConstraintViolationException(
    820▕                     $this->getName(), $query, $this->prepareBindings($bindings), $e
    821▕                 );
    822▕             }
    823▕

  1   vendor/laravel/framework/src/Illuminate/Database/Connection.php:570
      PDOException::("SQLSTATE[23505]: Unique violation: 7 ERROR:  duplicate key value violates unique constraint "nx_network_mncs_mcc_mnc"
DETAIL:  Key (mcc, mnc)=(722, 299) already exists.")

  2   vendor/laravel/framework/src/Illuminate/Database/Connection.php:570
      PDOStatement::execute()

  3   vendor/laravel/framework/src/Illuminate/Database/Connection.php:811
      Illuminate\Database\Connection::{closure:Illuminate\Database\Connection::statement():559}("insert into "network_mncs" ("network_id", "mcc", "mnc", "mcc_mnc", "created_at", "updated_at") values (?, ?, ?, ?, ?, ?)")

  4   vendor/laravel/framework/src/Illuminate/Database/Connection.php:778
      Illuminate\Database\Connection::runQueryCallback("insert into "network_mncs" ("network_id", "mcc", "mnc", "mcc_mnc", "created_at", "updated_at") values (?, ?, ?, ?, ?, ?)", Object(Closure))

  5   vendor/laravel/framework/src/Illuminate/Database/Connection.php:559
      Illuminate\Database\Connection::run("insert into "network_mncs" ("network_id", "mcc", "mnc", "mcc_mnc", "created_at", "updated_at") values (?, ?, ?, ?, ?, ?)", Object(Closure))

  6   vendor/laravel/framework/src/Illuminate/Database/Connection.php:523
      Illuminate\Database\Connection::statement("insert into "network_mncs" ("network_id", "mcc", "mnc", "mcc_mnc", "created_at", "updated_at") values (?, ?, ?, ?, ?, ?)")

  7   vendor/laravel/framework/src/Illuminate/Database/Query/Builder.php:3804
      Illuminate\Database\Connection::insert("insert into "network_mncs" ("network_id", "mcc", "mnc", "mcc_mnc", "created_at", "updated_at") values (?, ?, ?, ?, ?, ?)")

  8   app/Services/CarrierImportService.php:95
      Illuminate\Database\Query\Builder::insert()

  9   vendor/laravel/framework/src/Illuminate/Database/Concerns/ManagesTransactions.php:35
      App\Services\CarrierImportService::{closure:App\Services\CarrierImportService::import():47}(Object(Illuminate\Database\PostgresConnection))

  10  vendor/laravel/framework/src/Illuminate/Database/DatabaseManager.php:489
      Illuminate\Database\Connection::transaction(Object(Closure))

  11  vendor/laravel/framework/src/Illuminate/Support/Facades/Facade.php:363
      Illuminate\Database\DatabaseManager::__call("transaction")

  12  app/Services/CarrierImportService.php:47
      Illuminate\Support\Facades\Facade::__callStatic("transaction")

  13  app/Console/Commands/CarriersImport.php:14
      App\Services\CarrierImportService::import("itu")

  14  vendor/laravel/framework/src/Illuminate/Container/BoundMethod.php:36
      App\Console\Commands\CarriersImport::handle()

  15  vendor/laravel/framework/src/Illuminate/Container/Util.php:43
      Illuminate\Container\BoundMethod::{closure:Illuminate\Container\BoundMethod::call():35}()

  16  vendor/laravel/framework/src/Illuminate/Container/BoundMethod.php:96
      Illuminate\Container\Util::unwrapIfClosure(Object(Closure))

  17  vendor/laravel/framework/src/Illuminate/Container/BoundMethod.php:35
      Illuminate\Container\BoundMethod::callBoundMethod(Object(Illuminate\Foundation\Application), Object(Closure))

  18  vendor/laravel/framework/src/Illuminate/Container/Container.php:836
      Illuminate\Container\BoundMethod::call(Object(Illuminate\Foundation\Application), [])

  19  vendor/laravel/framework/src/Illuminate/Console/Command.php:211
      Illuminate\Container\Container::call()

  20  vendor/symfony/console/Command/Command.php:318
      Illuminate\Console\Command::execute(Object(Symfony\Component\Console\Input\ArgvInput), Object(Illuminate\Console\OutputStyle))

  21  vendor/laravel/framework/src/Illuminate/Console/Command.php:180
      Symfony\Component\Console\Command\Command::run(Object(Symfony\Component\Console\Input\ArgvInput), Object(Illuminate\Console\OutputStyle))

  22  vendor/symfony/console/Application.php:1073
      Illuminate\Console\Command::run(Object(Symfony\Component\Console\Input\ArgvInput), Object(Symfony\Component\Console\Output\ConsoleOutput))

  23  vendor/symfony/console/Application.php:356
      Symfony\Component\Console\Application::doRunCommand(Object(App\Console\Commands\CarriersImport), Object(Symfony\Component\Console\Input\ArgvInput), Object(Symfony\Component\Console\Output\ConsoleOutput))

  24  vendor/symfony/console/Application.php:195
      Symfony\Component\Console\Application::doRun(Object(Symfony\Component\Console\Input\ArgvInput), Object(Symfony\Component\Console\Output\ConsoleOutput))

  25  vendor/laravel/framework/src/Illuminate/Foundation/Console/Kernel.php:197
      Symfony\Component\Console\Application::run(Object(Symfony\Component\Console\Input\ArgvInput), Object(Symfony\Component\Console\Output\ConsoleOutput))

  26  vendor/laravel/framework/src/Illuminate/Foundation/Application.php:1235
      Illuminate\Foundation\Console\Kernel::handle(Object(Symfony\Component\Console\Input\ArgvInput), Object(Symfony\Component\Console\Output\ConsoleOutput))

  27  artisan:16
      Illuminate\Foundation\Application::handleCommand(Object(Symfony\Component\Console\Input\ArgvInput))

==> Row counts AFTER
==> Possible duplicates AFTER (top 15)
==> Sample of populated links (if any)
==> Done. Log: logs/step1e_v2_2025-11-14_16-37-52.log
