==> Step1f: dedupe (mcc,mnc) + upsert, and populate country_mccs
No syntax errors detected in app/Services/CarrierImportService.php

   INFO  Clearing cached bootstrap files.  

  config ......................................................... 1.38ms DONE
  cache .......................................................... 3.43ms DONE
  compiled ....................................................... 1.05ms DONE
  events ......................................................... 0.59ms DONE
  routes ......................................................... 0.64ms DONE
  views .......................................................... 5.00ms DONE


   INFO  Configuration cache cleared successfully.  


   INFO  Route cache cleared successfully.  


   INFO  Compiled views cleared successfully.  


   INFO  Application cache cleared successfully.  

Generating optimized autoload files
> Illuminate\Foundation\ComposerScripts::postAutoloadDump
> @php artisan package:discover --ansi

  [37;44m INFO [39;49m Discovering packages.  

  laravel/breeze [90m.[39m[90m.[39m[90m.[39m[90m.[39m[90m.[39m[90m.[39m[90m.[39m[90m.[39m[90m.[39m[90m.[39m[90m.[39m[90m.[39m[90m.[39m[90m.[39m[90m.[39m[90m.[39m[90m.[39m[90m.[39m[90m.[39m[90m.[39m[90m.[39m[90m.[39m[90m.[39m[90m.[39m[90m.[39m[90m.[39m[90m.[39m[90m.[39m[90m.[39m[90m.[39m[90m.[39m[90m.[39m[90m.[39m[90m.[39m[90m.[39m[90m.[39m[90m.[39m[90m.[39m[90m.[39m[90m.[39m[90m.[39m[90m.[39m[90m.[39m[90m.[39m[90m.[39m[90m.[39m[90m.[39m[90m.[39m[90m.[39m[90m.[39m[90m.[39m[90m.[39m[90m.[39m[90m.[39m[90m.[39m[90m.[39m [32;1mDONE[39;22m
  laravel/pail [90m.[39m[90m.[39m[90m.[39m[90m.[39m[90m.[39m[90m.[39m[90m.[39m[90m.[39m[90m.[39m[90m.[39m[90m.[39m[90m.[39m[90m.[39m[90m.[39m[90m.[39m[90m.[39m[90m.[39m[90m.[39m[90m.[39m[90m.[39m[90m.[39m[90m.[39m[90m.[39m[90m.[39m[90m.[39m[90m.[39m[90m.[39m[90m.[39m[90m.[39m[90m.[39m[90m.[39m[90m.[39m[90m.[39m[90m.[39m[90m.[39m[90m.[39m[90m.[39m[90m.[39m[90m.[39m[90m.[39m[90m.[39m[90m.[39m[90m.[39m[90m.[39m[90m.[39m[90m.[39m[90m.[39m[90m.[39m[90m.[39m[90m.[39m[90m.[39m[90m.[39m[90m.[39m[90m.[39m[90m.[39m[90m.[39m[90m.[39m[90m.[39m [32;1mDONE[39;22m
  laravel/sail [90m.[39m[90m.[39m[90m.[39m[90m.[39m[90m.[39m[90m.[39m[90m.[39m[90m.[39m[90m.[39m[90m.[39m[90m.[39m[90m.[39m[90m.[39m[90m.[39m[90m.[39m[90m.[39m[90m.[39m[90m.[39m[90m.[39m[90m.[39m[90m.[39m[90m.[39m[90m.[39m[90m.[39m[90m.[39m[90m.[39m[90m.[39m[90m.[39m[90m.[39m[90m.[39m[90m.[39m[90m.[39m[90m.[39m[90m.[39m[90m.[39m[90m.[39m[90m.[39m[90m.[39m[90m.[39m[90m.[39m[90m.[39m[90m.[39m[90m.[39m[90m.[39m[90m.[39m[90m.[39m[90m.[39m[90m.[39m[90m.[39m[90m.[39m[90m.[39m[90m.[39m[90m.[39m[90m.[39m[90m.[39m[90m.[39m[90m.[39m[90m.[39m [32;1mDONE[39;22m
  laravel/tinker [90m.[39m[90m.[39m[90m.[39m[90m.[39m[90m.[39m[90m.[39m[90m.[39m[90m.[39m[90m.[39m[90m.[39m[90m.[39m[90m.[39m[90m.[39m[90m.[39m[90m.[39m[90m.[39m[90m.[39m[90m.[39m[90m.[39m[90m.[39m[90m.[39m[90m.[39m[90m.[39m[90m.[39m[90m.[39m[90m.[39m[90m.[39m[90m.[39m[90m.[39m[90m.[39m[90m.[39m[90m.[39m[90m.[39m[90m.[39m[90m.[39m[90m.[39m[90m.[39m[90m.[39m[90m.[39m[90m.[39m[90m.[39m[90m.[39m[90m.[39m[90m.[39m[90m.[39m[90m.[39m[90m.[39m[90m.[39m[90m.[39m[90m.[39m[90m.[39m[90m.[39m[90m.[39m[90m.[39m[90m.[39m[90m.[39m [32;1mDONE[39;22m
  maatwebsite/excel [90m.[39m[90m.[39m[90m.[39m[90m.[39m[90m.[39m[90m.[39m[90m.[39m[90m.[39m[90m.[39m[90m.[39m[90m.[39m[90m.[39m[90m.[39m[90m.[39m[90m.[39m[90m.[39m[90m.[39m[90m.[39m[90m.[39m[90m.[39m[90m.[39m[90m.[39m[90m.[39m[90m.[39m[90m.[39m[90m.[39m[90m.[39m[90m.[39m[90m.[39m[90m.[39m[90m.[39m[90m.[39m[90m.[39m[90m.[39m[90m.[39m[90m.[39m[90m.[39m[90m.[39m[90m.[39m[90m.[39m[90m.[39m[90m.[39m[90m.[39m[90m.[39m[90m.[39m[90m.[39m[90m.[39m[90m.[39m[90m.[39m[90m.[39m[90m.[39m[90m.[39m[90m.[39m [32;1mDONE[39;22m
  nesbot/carbon [90m.[39m[90m.[39m[90m.[39m[90m.[39m[90m.[39m[90m.[39m[90m.[39m[90m.[39m[90m.[39m[90m.[39m[90m.[39m[90m.[39m[90m.[39m[90m.[39m[90m.[39m[90m.[39m[90m.[39m[90m.[39m[90m.[39m[90m.[39m[90m.[39m[90m.[39m[90m.[39m[90m.[39m[90m.[39m[90m.[39m[90m.[39m[90m.[39m[90m.[39m[90m.[39m[90m.[39m[90m.[39m[90m.[39m[90m.[39m[90m.[39m[90m.[39m[90m.[39m[90m.[39m[90m.[39m[90m.[39m[90m.[39m[90m.[39m[90m.[39m[90m.[39m[90m.[39m[90m.[39m[90m.[39m[90m.[39m[90m.[39m[90m.[39m[90m.[39m[90m.[39m[90m.[39m[90m.[39m[90m.[39m[90m.[39m[90m.[39m [32;1mDONE[39;22m
  nunomaduro/collision [90m.[39m[90m.[39m[90m.[39m[90m.[39m[90m.[39m[90m.[39m[90m.[39m[90m.[39m[90m.[39m[90m.[39m[90m.[39m[90m.[39m[90m.[39m[90m.[39m[90m.[39m[90m.[39m[90m.[39m[90m.[39m[90m.[39m[90m.[39m[90m.[39m[90m.[39m[90m.[39m[90m.[39m[90m.[39m[90m.[39m[90m.[39m[90m.[39m[90m.[39m[90m.[39m[90m.[39m[90m.[39m[90m.[39m[90m.[39m[90m.[39m[90m.[39m[90m.[39m[90m.[39m[90m.[39m[90m.[39m[90m.[39m[90m.[39m[90m.[39m[90m.[39m[90m.[39m[90m.[39m[90m.[39m[90m.[39m[90m.[39m[90m.[39m [32;1mDONE[39;22m
  nunomaduro/termwind [90m.[39m[90m.[39m[90m.[39m[90m.[39m[90m.[39m[90m.[39m[90m.[39m[90m.[39m[90m.[39m[90m.[39m[90m.[39m[90m.[39m[90m.[39m[90m.[39m[90m.[39m[90m.[39m[90m.[39m[90m.[39m[90m.[39m[90m.[39m[90m.[39m[90m.[39m[90m.[39m[90m.[39m[90m.[39m[90m.[39m[90m.[39m[90m.[39m[90m.[39m[90m.[39m[90m.[39m[90m.[39m[90m.[39m[90m.[39m[90m.[39m[90m.[39m[90m.[39m[90m.[39m[90m.[39m[90m.[39m[90m.[39m[90m.[39m[90m.[39m[90m.[39m[90m.[39m[90m.[39m[90m.[39m[90m.[39m[90m.[39m[90m.[39m[90m.[39m [32;1mDONE[39;22m

Generated optimized autoload files containing 7329 classes
==> BEFORE counts
==> Run importer (fresh)

   Illuminate\Database\UniqueConstraintViolationException 

  SQLSTATE[23505]: Unique violation: 7 ERROR:  duplicate key value violates unique constraint "country_mccs_mcc_unique"
DETAIL:  Key (mcc)=(362) already exists. (Connection: pgsql, SQL: insert into "country_mccs" ("country_id", "mcc", "updated_at", "created_at") values (52, 362, 2025-11-14 15:03:54, 2025-11-14 15:03:54))

  at vendor/laravel/framework/src/Illuminate/Database/Connection.php:819
    815▕         // message to include the bindings with SQL, which will make this exception a
    816▕         // lot more helpful to the developer instead of just the database's errors.
    817▕         catch (Exception $e) {
    818▕             if ($this->isUniqueConstraintError($e)) {
  ➜ 819▕                 throw new UniqueConstraintViolationException(
    820▕                     $this->getName(), $query, $this->prepareBindings($bindings), $e
    821▕                 );
    822▕             }
    823▕

  1   vendor/laravel/framework/src/Illuminate/Database/Connection.php:570
      PDOException::("SQLSTATE[23505]: Unique violation: 7 ERROR:  duplicate key value violates unique constraint "country_mccs_mcc_unique"
DETAIL:  Key (mcc)=(362) already exists.")

  2   vendor/laravel/framework/src/Illuminate/Database/Connection.php:570
      PDOStatement::execute()

  3   vendor/laravel/framework/src/Illuminate/Database/Connection.php:811
      Illuminate\Database\Connection::{closure:Illuminate\Database\Connection::statement():559}("insert into "country_mccs" ("country_id", "mcc", "updated_at", "created_at") values (?, ?, ?, ?)")

  4   vendor/laravel/framework/src/Illuminate/Database/Connection.php:778
      Illuminate\Database\Connection::runQueryCallback("insert into "country_mccs" ("country_id", "mcc", "updated_at", "created_at") values (?, ?, ?, ?)", Object(Closure))

  5   vendor/laravel/framework/src/Illuminate/Database/Connection.php:559
      Illuminate\Database\Connection::run("insert into "country_mccs" ("country_id", "mcc", "updated_at", "created_at") values (?, ?, ?, ?)", Object(Closure))

  6   vendor/laravel/framework/src/Illuminate/Database/Connection.php:523
      Illuminate\Database\Connection::statement("insert into "country_mccs" ("country_id", "mcc", "updated_at", "created_at") values (?, ?, ?, ?)")

  7   vendor/laravel/framework/src/Illuminate/Database/Query/Builder.php:3804
      Illuminate\Database\Connection::insert("insert into "country_mccs" ("country_id", "mcc", "updated_at", "created_at") values (?, ?, ?, ?)")

  8   vendor/laravel/framework/src/Illuminate/Database/Query/Builder.php:3956
      Illuminate\Database\Query\Builder::insert()

  9   app/Services/CarrierImportService.php:103
      Illuminate\Database\Query\Builder::updateOrInsert([], [Object(Illuminate\Support\Carbon), Object(Illuminate\Support\Carbon)])

  10  vendor/laravel/framework/src/Illuminate/Database/Concerns/ManagesTransactions.php:35
      App\Services\CarrierImportService::{closure:App\Services\CarrierImportService::import():57}(Object(Illuminate\Database\PostgresConnection))

  11  vendor/laravel/framework/src/Illuminate/Database/DatabaseManager.php:489
      Illuminate\Database\Connection::transaction(Object(Closure))

  12  vendor/laravel/framework/src/Illuminate/Support/Facades/Facade.php:363
      Illuminate\Database\DatabaseManager::__call("transaction")

  13  app/Services/CarrierImportService.php:57
      Illuminate\Support\Facades\Facade::__callStatic("transaction")

  14  app/Console/Commands/CarriersImport.php:14
      App\Services\CarrierImportService::import("itu")

  15  vendor/laravel/framework/src/Illuminate/Container/BoundMethod.php:36
      App\Console\Commands\CarriersImport::handle()

  16  vendor/laravel/framework/src/Illuminate/Container/Util.php:43
      Illuminate\Container\BoundMethod::{closure:Illuminate\Container\BoundMethod::call():35}()

  17  vendor/laravel/framework/src/Illuminate/Container/BoundMethod.php:96
      Illuminate\Container\Util::unwrapIfClosure(Object(Closure))

  18  vendor/laravel/framework/src/Illuminate/Container/BoundMethod.php:35
      Illuminate\Container\BoundMethod::callBoundMethod(Object(Illuminate\Foundation\Application), Object(Closure))

  19  vendor/laravel/framework/src/Illuminate/Container/Container.php:836
      Illuminate\Container\BoundMethod::call(Object(Illuminate\Foundation\Application), [])

  20  vendor/laravel/framework/src/Illuminate/Console/Command.php:211
      Illuminate\Container\Container::call()

  21  vendor/symfony/console/Command/Command.php:318
      Illuminate\Console\Command::execute(Object(Symfony\Component\Console\Input\ArgvInput), Object(Illuminate\Console\OutputStyle))

  22  vendor/laravel/framework/src/Illuminate/Console/Command.php:180
      Symfony\Component\Console\Command\Command::run(Object(Symfony\Component\Console\Input\ArgvInput), Object(Illuminate\Console\OutputStyle))

  23  vendor/symfony/console/Application.php:1073
      Illuminate\Console\Command::run(Object(Symfony\Component\Console\Input\ArgvInput), Object(Symfony\Component\Console\Output\ConsoleOutput))

  24  vendor/symfony/console/Application.php:356
      Symfony\Component\Console\Application::doRunCommand(Object(App\Console\Commands\CarriersImport), Object(Symfony\Component\Console\Input\ArgvInput), Object(Symfony\Component\Console\Output\ConsoleOutput))

  25  vendor/symfony/console/Application.php:195
      Symfony\Component\Console\Application::doRun(Object(Symfony\Component\Console\Input\ArgvInput), Object(Symfony\Component\Console\Output\ConsoleOutput))

  26  vendor/laravel/framework/src/Illuminate/Foundation/Console/Kernel.php:197
      Symfony\Component\Console\Application::run(Object(Symfony\Component\Console\Input\ArgvInput), Object(Symfony\Component\Console\Output\ConsoleOutput))

  27  vendor/laravel/framework/src/Illuminate/Foundation/Application.php:1235
      Illuminate\Foundation\Console\Kernel::handle(Object(Symfony\Component\Console\Input\ArgvInput), Object(Symfony\Component\Console\Output\ConsoleOutput))

  28  artisan:16
      Illuminate\Foundation\Application::handleCommand(Object(Symfony\Component\Console\Input\ArgvInput))

==> AFTER counts
==> Sample links (country_mccs & network_mncs)
==> Done. Log: logs/step1f_2025-11-14_17-03-47.log
